[themes.suelo.pl/mi/index-it-vertical.html]
[backblue.gif]
[fade.gif]
[index.html]
[themes.suelo.pl/mi/assets/img/favicon.png]
[themes.suelo.pl/mi/assets/img/favicon_60x60.png]
[themes.suelo.pl/mi/assets/img/favicon_76x76.png]
[themes.suelo.pl/mi/assets/img/favicon_120x120.png]
[themes.suelo.pl/mi/assets/img/favicon_152x152.png]
[themes.suelo.pl/mi/assets/css/styles.css]
[themes.suelo.pl/mi/assets/css/theme.min.css]
[themes.suelo.pl/mi/assets/css/color/blue-beige.css]
[themes.suelo.pl/mi/assets/styleswitcher/styleswitcher.css]
[themes.suelo.pl/mi/assets/img/photos/it-avatar.jpg]
[themes.suelo.pl/mi/page-vertical.html]
[themes.suelo.pl/mi/assets/img/photos/it-bg01.jpg]
[themes.suelo.pl/mi/documentation.html]
[themes.suelo.pl/mi/projects/project-example-it.html]
[themes.suelo.pl/mi/assets/img/projects/project-square01.jpg]
[themes.suelo.pl/mi/assets/img/projects/project-square02.jpg]
[themes.suelo.pl/mi/assets/img/projects/project-vertical01.jpg]
[themes.suelo.pl/mi/assets/img/projects/project-vertical02.jpg]
[themes.suelo.pl/mi/assets/img/projects/project-horizontal01.jpg]
[themes.suelo.pl/mi/assets/img/projects/project-square03.jpg]
[themes.suelo.pl/mi/assets/img/photos/testimonial-avatar01.jpg]
[themes.suelo.pl/mi/assets/img/photos/testimonial-avatar02.jpg]
[themes.suelo.pl/mi/assets/img/photos/testimonial-avatar03.jpg]
[themes.suelo.pl/mi/assets/img/photos/testimonial-avatar04.jpg]
[themes.suelo.pl/mi/assets/img/photos/post01.jpg]
[themes.suelo.pl/mi/blog-post-vertical.html]
[themes.suelo.pl/mi/assets/img/photos/post02.jpg]
[themes.suelo.pl/mi/assets/img/photos/post03.jpg]
[themes.suelo.pl/mi/assets/img/photos/it-avatar-96x96.jpg]
[connect.facebook.net/en_US/sdk.js]
[themes.suelo.pl/mi/assets/js/jquery-1.11.3.min.js]
[themes.suelo.pl/mi/assets/js/core.min.js]
[themes.suelo.pl/mi/assets/styleswitcher/styleswitcher.js]
[themes.suelo.pl/mi/index-it-vertical.html]
[themes.suelo.pl/mi/assets/fonts/glyphicons-halflings-regular.eot]
[themes.suelo.pl/mi/assets/fonts/glyphicons-halflings-regular.woff2]
[themes.suelo.pl/mi/assets/js/plugins.js]
[themes.suelo.pl/mi/assets/fonts/glyphicons-halflings-regulard41d.eot]
[themes.suelo.pl/mi/assets/fonts/glyphicons-halflings-regular.woff]
[themes.suelo.pl/mi/assets/fonts/glyphicons-halflings-regular.svg]
[themes.suelo.pl/mi/assets/fonts/glyphicons-halflings-regular.ttf]
[themes.suelo.pl/mi/assets/fonts/fontawesome-webfont5b62.eot]
[themes.suelo.pl/mi/assets/fonts/fontawesome-webfontd41d.eot]
[themes.suelo.pl/mi/assets/fonts/fontawesome-webfont5b62.woff2]
[themes.suelo.pl/mi/assets/fonts/fontawesome-webfont5b62.svg]
[themes.suelo.pl/mi/assets/fonts/fontawesome-webfont5b62.woff]
[themes.suelo.pl/mi/assets/fonts/themify9f24.eot]
[themes.suelo.pl/mi/assets/fonts/themifyd41d.eot]
[themes.suelo.pl/mi/assets/fonts/themify9f24.woff]
[themes.suelo.pl/mi/assets/fonts/themify9f24.svg]
[themes.suelo.pl/mi/assets/css/grabbing.png]
[themes.suelo.pl/mi/assets/css/styles.css]
[themes.suelo.pl/mi/assets/css/theme.min.css]
[themes.suelo.pl/mi/assets/css/color/blue-beige.css]
[themes.suelo.pl/mi/assets/styleswitcher/styleswitcher.css]
[themes.suelo.pl/mi/assets/fonts/fontawesome-webfont5b62.ttf]
[themes.suelo.pl/mi/blog-vertical.html]
[themes.suelo.pl/mi/assets/img/photos/it-photo01.jpg]
[themes.suelo.pl/mi/assets/img/photos/it-photo02.jpg]
[themes.suelo.pl/mi/page-vertical.html]
[themes.suelo.pl/mi/assets/fonts/themify9f24.ttf]
[themes.suelo.pl/mi/assets/css/prettify.css]
[themes.suelo.pl/mi/assets/img/photos/base-bg.jpg]
[themes.suelo.pl/mi/index.html]
[themes.suelo.pl/mi/assets/img/photos/notebook-square.jpg]
[themes.suelo.pl/mi/]
[themes.suelo.pl/mi/documentation.html]
[themes.suelo.pl/mi/assets/js/prettify.js]
[themes.suelo.pl/mi/projects/assets/img/projects/project-big-01.jpg]
[themes.suelo.pl/mi/projects/assets/img/projects/project-big-02.jpg]
[themes.suelo.pl/mi/projects/project-example-it.html]
[themes.suelo.pl/mi/assets/img/photos/post01-big.jpg]
[themes.suelo.pl/mi/assets/img/photos/beauty-avatar-96x96.jpg]
[themes.suelo.pl/mi/assets/img/avatar-default.jpg]
[themes.suelo.pl/mi/assets/img/photos/manager-avatar-96x96.jpg]
[themes.suelo.pl/mi/assets/img/photos/eco-avatar-96x96.jpg]
[themes.suelo.pl/mi/blog-post-vertical.html]
[connect.facebook.net/en_US/sdk.js]
[themes.suelo.pl/mi/assets/fonts/glyphicons-halflings-regular.svg]
[themes.suelo.pl/mi/assets/fonts/fontawesome-webfont5b62.svg]
[themes.suelo.pl/mi/assets/fonts/themify9f24.svg]
[themes.suelo.pl/mi/assets/css/grabbing.html]
[themes.suelo.pl/mi/blog-vertical.html]
[themes.suelo.pl/mi/assets/css/prettify.css]
[themes.suelo.pl/mi/assets/img/views/it1.jpg]
[themes.suelo.pl/mi/index-it-horizontal.html]
[themes.suelo.pl/mi/assets/img/views/it3.jpg]
[themes.suelo.pl/mi/index-it-mobile.html]
[themes.suelo.pl/mi/assets/img/views/it2.jpg]
[themes.suelo.pl/mi/index-architecture-vertical.html]
[themes.suelo.pl/mi/assets/img/views/architecture1.jpg]
[themes.suelo.pl/mi/assets/img/views/architecture3.jpg]
[themes.suelo.pl/mi/index-architecture-horizontal.html]
[themes.suelo.pl/mi/index-architecture-mobile.html]
[themes.suelo.pl/mi/assets/img/views/architecture2.jpg]
[themes.suelo.pl/mi/index-law-vertical.html]
[themes.suelo.pl/mi/assets/img/views/law1.jpg]
[themes.suelo.pl/mi/index-law-horizontal.html]
[themes.suelo.pl/mi/assets/img/views/law3.jpg]
[themes.suelo.pl/mi/index-law-mobile.html]
[themes.suelo.pl/mi/assets/img/views/law2.jpg]
[themes.suelo.pl/mi/index-medical-vertical.html]
[themes.suelo.pl/mi/assets/img/views/medical1.jpg]
[themes.suelo.pl/mi/index-medical-horizontal.html]
[themes.suelo.pl/mi/assets/img/views/medical3.jpg]
[themes.suelo.pl/mi/index-medical-mobile.html]
[themes.suelo.pl/mi/assets/img/views/medical2.jpg]
[themes.suelo.pl/mi/index-manager-vertical.html]
[themes.suelo.pl/mi/assets/img/views/manager1.jpg]
[themes.suelo.pl/mi/index-manager-horizontal.html]
[themes.suelo.pl/mi/assets/img/views/manager3.jpg]
[themes.suelo.pl/mi/index-manager-mobile.html]
[themes.suelo.pl/mi/assets/img/views/manager2.jpg]
[themes.suelo.pl/mi/index-beauty-vertical.html]
[themes.suelo.pl/mi/assets/img/views/beauty1.jpg]
[themes.suelo.pl/mi/index-beauty-horizontal.html]
[themes.suelo.pl/mi/assets/img/views/beauty3.jpg]
[themes.suelo.pl/mi/index-beauty-mobile.html]
[themes.suelo.pl/mi/assets/img/views/beauty2.jpg]
[themes.suelo.pl/mi/index-trainer-vertical.html]
[themes.suelo.pl/mi/assets/img/views/trainer1.jpg]
[themes.suelo.pl/mi/index-trainer-horizontal.html]
[themes.suelo.pl/mi/assets/img/views/trainer3.jpg]
[themes.suelo.pl/mi/index-trainer-mobile.html]
[themes.suelo.pl/mi/assets/img/views/trainer2.jpg]
[themes.suelo.pl/mi/index-eco-vertical.html]
[themes.suelo.pl/mi/assets/img/views/eco1.jpg]
[themes.suelo.pl/mi/index-eco-horizontal.html]
[themes.suelo.pl/mi/assets/img/views/eco3.jpg]
[themes.suelo.pl/mi/index-eco-mobile.html]
[themes.suelo.pl/mi/assets/img/views/eco2.jpg]
[themes.suelo.pl/mi/index-it-vertical-no-photo.html]
[themes.suelo.pl/mi/assets/img/views/it1-no-photo.jpg]
[themes.suelo.pl/mi/index-it-horizontal-no-photo.html]
[themes.suelo.pl/mi/assets/img/views/it3-no-photo.jpg]
[themes.suelo.pl/mi/index-it-mobile-no-photo.html]
[themes.suelo.pl/mi/assets/img/views/it2-no-photo.jpg]
[themes.suelo.pl/mi/index-architecture-vertical-no-photo.html]
[themes.suelo.pl/mi/assets/img/views/architecture1-no-photo.jpg]
[themes.suelo.pl/mi/index-architecture-horizontal-no-photo.html]
[themes.suelo.pl/mi/assets/img/views/architecture3-no-photo.jpg]
[themes.suelo.pl/mi/index-architecture-mobile-no-photo.html]
[themes.suelo.pl/mi/assets/img/views/architecture2-no-photo.jpg]
[themes.suelo.pl/mi/index-law-vertical-no-photo.html]
[themes.suelo.pl/mi/assets/img/views/law1-no-photo.jpg]
[themes.suelo.pl/mi/index-law-horizontal-no-photo.html]
[themes.suelo.pl/mi/assets/img/views/law3-no-photo.jpg]
[themes.suelo.pl/mi/index-law-mobile-no-photo.html]
[themes.suelo.pl/mi/assets/img/views/law2-no-photo.jpg]
[themes.suelo.pl/mi/index-medical-vertical-no-photo.html]
[themes.suelo.pl/mi/assets/img/views/medical1-no-photo.jpg]
[themes.suelo.pl/mi/index-medical-horizontal-no-photo.html]
[themes.suelo.pl/mi/assets/img/views/medical3-no-photo.jpg]
[themes.suelo.pl/mi/index-medical-mobile-no-photo.html]
[themes.suelo.pl/mi/assets/img/views/medical2-no-photo.jpg]
[themes.suelo.pl/mi/index-manager-vertical-no-photo.html]
[themes.suelo.pl/mi/assets/img/views/manager1-no-photo.jpg]
[themes.suelo.pl/mi/index-manager-horizontal-no-photo.html]
[themes.suelo.pl/mi/assets/img/views/manager3-no-photo.jpg]
[themes.suelo.pl/mi/index-manager-mobile-no-photo.html]
[themes.suelo.pl/mi/assets/img/views/manager2-no-photo.jpg]
[themes.suelo.pl/mi/index-beauty-vertical-no-photo.html]
[themes.suelo.pl/mi/assets/img/views/beauty1-no-photo.jpg]
[themes.suelo.pl/mi/index-beauty-horizontal-no-photo.html]
[themes.suelo.pl/mi/assets/img/views/beauty3-no-photo.jpg]
[themes.suelo.pl/mi/index-beauty-mobile-no-photo.html]
[themes.suelo.pl/mi/assets/img/views/beauty2-no-photo.jpg]
[themes.suelo.pl/mi/index-trainer-vertical-no-photo.html]
[themes.suelo.pl/mi/assets/img/views/trainer1-no-photo.jpg]
[themes.suelo.pl/mi/index-trainer-horizontal-no-photo.html]
[themes.suelo.pl/mi/assets/img/views/trainer3-no-photo.jpg]
[themes.suelo.pl/mi/index-trainer-mobile-no-photo.html]
[themes.suelo.pl/mi/assets/img/views/trainer2-no-photo.jpg]
[themes.suelo.pl/mi/index-eco-vertical-no-photo.html]
[themes.suelo.pl/mi/assets/img/views/eco1-no-photo.jpg]
[themes.suelo.pl/mi/index-eco-horizontal-no-photo.html]
[themes.suelo.pl/mi/assets/img/views/eco3-no-photo.jpg]
[themes.suelo.pl/mi/index-eco-mobile-no-photo.html]
[themes.suelo.pl/mi/assets/img/views/eco2-no-photo.jpg]
[themes.suelo.pl/mi/index.html]
[themes.suelo.pl/mi/...html]
[themes.suelo.pl/mi/projects/assets/img/projects/project-big-01.html]
[themes.suelo.pl/mi/projects/assets/img/projects/project-big-02.html]
[themes.suelo.pl/mi/page-horizontal.html]
[themes.suelo.pl/mi/index-it-horizontal.html]
[themes.suelo.pl/mi/blog-post-horizontal.html]
[themes.suelo.pl/mi/blog-post-mobile.html]
[themes.suelo.pl/mi/index-it-mobile.html]
[themes.suelo.pl/mi/page-mobile.html]
[themes.suelo.pl/mi/assets/img/photos/architecture-avatar.jpg]
[themes.suelo.pl/mi/assets/img/photos/architecture-bg01.jpg]
[themes.suelo.pl/mi/assets/img/photos/architecture-bg02.jpg]
[themes.suelo.pl/mi/assets/img/photos/architecture-bg03.jpg]
[themes.suelo.pl/mi/assets/img/photos/architecture-avatar-96x96.jpg]
[themes.suelo.pl/mi/index-architecture-vertical.html]
[themes.suelo.pl/mi/assets/css/theme.css]
[themes.suelo.pl/mi/index-architecture-horizontal.html]
[themes.suelo.pl/mi/index-architecture-mobile.html]
[themes.suelo.pl/mi/assets/css/color/brown-beige.css]
[themes.suelo.pl/mi/assets/img/photos/law-avatar.jpg]
[themes.suelo.pl/mi/assets/img/photos/law-bg01.jpg]
[themes.suelo.pl/mi/projects/project-example-law.html]
[themes.suelo.pl/mi/assets/img/photos/law-bg02.jpg]
[themes.suelo.pl/mi/assets/img/photos/law-avatar-96x96.jpg]
[themes.suelo.pl/mi/index-law-vertical.html]
[themes.suelo.pl/mi/index-law-horizontal.html]
[themes.suelo.pl/mi/index-law-mobile.html]
[themes.suelo.pl/mi/assets/img/photos/medical-avatar.jpg]
[themes.suelo.pl/mi/assets/img/photos/medical-bg01.jpg]
[themes.suelo.pl/mi/projects/project-example-medical.html]
[themes.suelo.pl/mi/assets/img/photos/medical-avatar-96x96.jpg]
[themes.suelo.pl/mi/index-medical-vertical.html]
[themes.suelo.pl/mi/index-medical-horizontal.html]
[themes.suelo.pl/mi/index-medical-mobile.html]
[themes.suelo.pl/mi/assets/css/color/red-blue.css]
[themes.suelo.pl/mi/assets/img/photos/manager-avatar.jpg]
[themes.suelo.pl/mi/assets/img/photos/manager-bg01.jpg]
[themes.suelo.pl/mi/projects/project-example-manager.html]
[themes.suelo.pl/mi/index-manager-vertical.html]
[themes.suelo.pl/mi/index-manager-horizontal.html]
[themes.suelo.pl/mi/index-manager-mobile.html]
[themes.suelo.pl/mi/assets/css/color/purple-yellow.css]
[themes.suelo.pl/mi/assets/img/photos/beauty-avatar.jpg]
[themes.suelo.pl/mi/assets/img/photos/beauty-bg01.jpg]
[themes.suelo.pl/mi/assets/img/photos/beauty-bg02.jpg]
[themes.suelo.pl/mi/projects/project-example-beauty.html]
[themes.suelo.pl/mi/assets/img/photos/beauty-bg03.jpg]
[themes.suelo.pl/mi/index-beauty-vertical.html]
[themes.suelo.pl/mi/index-beauty-horizontal.html]
[themes.suelo.pl/mi/index-beauty-mobile.html]
[themes.suelo.pl/mi/assets/css/color/orange-green.css]
[themes.suelo.pl/mi/assets/img/photos/trainer-avatar.jpg]
[themes.suelo.pl/mi/assets/img/photos/trainer-bg01.jpg]
[themes.suelo.pl/mi/projects/project-example-trainer.html]
[themes.suelo.pl/mi/assets/img/photos/trainer-bg02.c5.delayed]
[themes.suelo.pl/mi/assets/img/photos/trainer-avatar-96x96.jpg]
[themes.suelo.pl/mi/index-trainer-vertical.html]
[themes.suelo.pl/mi/index-trainer-horizontal.html]
[themes.suelo.pl/mi/index-trainer-mobile.html]
[themes.suelo.pl/mi/assets/css/color/green-orange.css]
[themes.suelo.pl/mi/assets/img/photos/eco-avatar.jpg]
[themes.suelo.pl/mi/assets/img/photos/eco-bg01.jpg]
[themes.suelo.pl/mi/projects/project-example-eco.html]
[themes.suelo.pl/mi/index-eco-vertical.html]
[themes.suelo.pl/mi/index-eco-horizontal.html]
[themes.suelo.pl/mi/index-eco-mobile.html]
[themes.suelo.pl/mi/index-it-vertical-no-photo.html]
[themes.suelo.pl/mi/index-it-horizontal-no-photo.html]
[themes.suelo.pl/mi/index-it-mobile-no-photo.html]
[themes.suelo.pl/mi/index-architecture-vertical-no-photo.html]
[themes.suelo.pl/mi/index-architecture-horizontal-no-photo.html]
[themes.suelo.pl/mi/index-architecture-mobile-no-photo.html]
[themes.suelo.pl/mi/index-law-vertical-no-photo.html]
[themes.suelo.pl/mi/index-law-horizontal-no-photo.html]
[themes.suelo.pl/mi/index-law-mobile-no-photo.html]
[themes.suelo.pl/mi/index-medical-vertical-no-photo.html]
[themes.suelo.pl/mi/index-medical-horizontal-no-photo.html]
[themes.suelo.pl/mi/index-medical-mobile-no-photo.html]
[themes.suelo.pl/mi/index-manager-vertical-no-photo.html]
[themes.suelo.pl/mi/index-manager-horizontal-no-photo.html]
[themes.suelo.pl/mi/index-manager-mobile-no-photo.html]
[themes.suelo.pl/mi/index-beauty-vertical-no-photo.html]
[themes.suelo.pl/mi/index-beauty-horizontal-no-photo.html]
[themes.suelo.pl/mi/index-beauty-mobile-no-photo.html]
[themes.suelo.pl/mi/index-trainer-vertical-no-photo.html]
[themes.suelo.pl/mi/index-trainer-horizontal-no-photo.html]
[themes.suelo.pl/mi/index-trainer-mobile-no-photo.html]
[themes.suelo.pl/mi/index-eco-vertical-no-photo.html]
[themes.suelo.pl/mi/index-eco-horizontal-no-photo.html]
[themes.suelo.pl/mi/index-eco-mobile-no-photo.html]
[themes.suelo.pl/mi/blog-horizontal.html]
[themes.suelo.pl/mi/page-horizontal.html]
[themes.suelo.pl/mi/blog-post-horizontal.html]
[themes.suelo.pl/mi/blog-post-mobile.html]
[themes.suelo.pl/mi/page-mobile.html]
[themes.suelo.pl/mi/assets/css/theme.css]
[themes.suelo.pl/mi/assets/css/color/brown-beige.css]
[themes.suelo.pl/mi/projects/project-example-law.html]
[themes.suelo.pl/mi/projects/project-example-medical.html]
[themes.suelo.pl/mi/assets/css/color/red-blue.css]
[themes.suelo.pl/mi/projects/project-example-manager.html]
[themes.suelo.pl/mi/assets/css/color/purple-yellow.css]
[themes.suelo.pl/mi/projects/project-example-beauty.html]
[themes.suelo.pl/mi/assets/css/color/orange-green.css]
[themes.suelo.pl/mi/projects/project-example-trainer.html]
[themes.suelo.pl/mi/assets/img/photos/trainer-bg02.html]
[themes.suelo.pl/mi/assets/css/color/green-orange.css]
[themes.suelo.pl/mi/projects/project-example-eco.html]
[themes.suelo.pl/mi/blog-horizontal.html]
